BASELINE_AVG=7
BASELINE_P50=8
BASELINE_P95=9
BASELINE_P99=11
BASELINE_SUCCESS=500
BASELINE_ERROR=0
MONITORED_AVG=7
MONITORED_P50=7
MONITORED_P95=9
MONITORED_P99=13
MONITORED_SUCCESS=500
MONITORED_ERROR=0
STATS_DURING_TEST<<EOF
crash-simulator-openobserve-1,1.06,349.9MiB / 7.405GiB
crash-simulator-app-1,2.02,345.7MiB / 7.405GiB
crash-simulator-grafana-1,0.73,204.6MiB / 7.405GiB
crash-simulator-otel-collector-1,1.39,113.7MiB / 7.405GiB
crash-simulator-prometheus-1,0.00,32.54MiB / 7.405GiB
crash-simulator-tempo-1,0.97,229.5MiB / 7.405GiB
crash-simulator-loki-1,0.78,117MiB / 7.405GiB
EOF
CRASH_AVG=14
CRASH_P50=14
CRASH_P95=18
CRASH_P99=25
CRASH_SUCCESS=100
CRASH_ERROR=0
QUERY_PROMETHEUS_MS=11
QUERY_LOKI_MS=12
QUERY_TEMPO_MS=18
QUERY_OPENOBSERVE_MS=15
